app/(app)/lands/[id]/page.tsx(8,36): error TS2307: Cannot find module 'react-map-gl' or its corresponding type declarations.
app/(app)/map/page.tsx(5,58): error TS2307: Cannot find module 'react-map-gl' or its corresponding type declarations.
app/(app)/map/page.tsx(115,31): error TS7006: Parameter 'e' implicitly has an 'any' type.
